<html>
<body>
<pre>
<h1>µVision Build Log</h1>
<h2>Tool Versions:</h2>
IDE-Version: ¦ÌVision V5.25.0.0
Copyright (C) 2017 ARM Ltd and ARM Germany GmbH. All rights reserved.
License Information: HHH Riloptop, HHH, LIC=IK1BF-61SGH-74PS0-BWYUZ-ISF4S-KUYYB
 
Tool Versions:
Toolchain:       MDK-ARM Plus  Version: 5.25.0.0
Toolchain Path:  D:\LAB\Soft\KEIL\MDK\ARM\ARMCC\Bin
C Compiler:      Armcc.exe V5.06 update 6 (build 750)
Assembler:       Armasm.exe V5.06 update 6 (build 750)
Linker/Locator:  ArmLink.exe V5.06 update 6 (build 750)
Library Manager: ArmAr.exe V5.06 update 6 (build 750)
Hex Converter:   FromElf.exe V5.06 update 6 (build 750)
CPU DLL:         SARMCM3.DLL V5.25.0.0
Dialog DLL:      DCM.DLL V1.17.0.0
Target DLL:      STLink\ST-LINKIII-KEIL_SWO.dll V3.0.1.0
Dialog DLL:      TCM.DLL V1.34.0.0
 
<h2>Project:</h2>
d:\LAB\PROJECTSFILES\32FILES\MPU-6050-TEST\MDK-ARM\MPU-6050-TEST.uvprojx
Project File Date:  04/24/2026

<h2>Output:</h2>
*** Using Compiler 'V5.06 update 6 (build 750)', folder: 'D:\LAB\Soft\KEIL\MDK\ARM\ARMCC\Bin'
Rebuild target 'MPU-6050-TEST'
assembling startup_stm32f407xx.s...
compiling i2c.c...
compiling stm32f4xx_hal_rcc_ex.c...
compiling stm32f4xx_hal_flash_ramfunc.c...
compiling stm32f4xx_it.c...
compiling gpio.c...
compiling stm32f4xx_hal_i2c_ex.c...
compiling stm32f4xx_hal_dma_ex.c...
compiling stm32f4xx_hal_flash_ex.c...
compiling stm32f4xx_hal_gpio.c...
compiling stm32f4xx_hal_msp.c...
compiling stm32f4xx_hal_flash.c...
compiling main.c...
../Core/Src/main.c(103): warning:  #177-D: variable "acc_x"  was declared but never referenced
  		int16_t acc_x,acc_y,acc_z,gy_x,gy_y,gy_z;
../Core/Src/main.c(103): warning:  #177-D: variable "acc_y"  was declared but never referenced
  		int16_t acc_x,acc_y,acc_z,gy_x,gy_y,gy_z;
../Core/Src/main.c(103): warning:  #177-D: variable "acc_z"  was declared but never referenced
  		int16_t acc_x,acc_y,acc_z,gy_x,gy_y,gy_z;
../Core/Src/main.c(103): warning:  #177-D: variable "gy_x"  was declared but never referenced
  		int16_t acc_x,acc_y,acc_z,gy_x,gy_y,gy_z;
../Core/Src/main.c(103): warning:  #177-D: variable "gy_y"  was declared but never referenced
  		int16_t acc_x,acc_y,acc_z,gy_x,gy_y,gy_z;
../Core/Src/main.c(103): warning:  #177-D: variable "gy_z"  was declared but never referenced
  		int16_t acc_x,acc_y,acc_z,gy_x,gy_y,gy_z;
../Core/Src/main.c: 6 warnings, 0 errors
compiling stm32f4xx_hal_rcc.c...
compiling usart.c...
compiling stm32f4xx_hal_i2c.c...
compiling stm32f4xx_hal_pwr_ex.c...
compiling stm32f4xx_hal_cortex.c...
compiling stm32f4xx_hal_pwr.c...
compiling stm32f4xx_hal_dma.c...
compiling system_stm32f4xx.c...
compiling MPU6050.c...
compiling stm32f4xx_hal.c...
compiling stm32f4xx_hal_exti.c...
compiling tof.c...
compiling stm32f4xx_hal_uart.c...
linking...
Program Size: Code=9788 RO-data=512 RW-data=28 ZI-data=1380  
FromELF: creating hex file...
"MPU-6050-TEST\MPU-6050-TEST.axf" - 0 Error(s), 6 Warning(s).

<h2>Software Packages used:</h2>

Package Vendor: ARM
                http://www.keil.com/pack/ARM.CMSIS.5.2.0.pack
                ARM.CMSIS.5.2.0
                CMSIS (Cortex Microcontroller Software Interface Standard)
   * Component: CORE Version: 5.0.2

Package Vendor: Keil
                http://www.keil.com/pack/Keil.STM32F4xx_DFP.2.15.0.pack
                Keil.STM32F4xx_DFP.2.15.0
                STMicroelectronics STM32F4 Series Device Support, Drivers and Examples

<h2>Collection of Component include folders:</h2>
  .\RTE\_MPU-6050-TEST
  D:\LAB\Soft\KEIL\MDK\ARM\PACK\ARM\CMSIS\5.2.0\CMSIS\Include
  D:\LAB\Soft\KEIL\MDK\ARM\PACK\Keil\STM32F4xx_DFP\2.15.0\Drivers\CMSIS\Device\ST\STM32F4xx\Include

<h2>Collection of Component Files used:</h2>

   * Component: ARM::CMSIS:CORE:5.0.2
Build Time Elapsed:  00:00:06
</pre>
</body>
</html>
